Seed set to 303
Loading weights:   0%|          | 0/85 [00:00<?, ?it/s]Loading weights: 100%|██████████| 85/85 [00:00<00:00, 2891.03it/s]
GPU available: True (cuda), used: True
TPU available: False, using: 0 TPU cores
💡 Tip: For seamless cloud logging and experiment tracking, try installing [litlogger](https://pypi.org/project/litlogger/) to enable LitLogger, which logs metrics and artifacts automatically to the Lightning Experiments platform.
LOCAL_RANK: 0 - CUDA_VISIBLE_DEVICES: [1]
trainable params: 524,288 || all params: 85,315,989 || trainable%: 0.6145
┏━━━┳━━━━━━━━━━━┳━━━━━━━━━━━━━━━━━━━━━━━━━━━━━━━┳━━━━━━━━┳━━━━━━━┳━━━━━━━┓
┃   ┃ Name      ┃ Type                          ┃ Params ┃ Mode  ┃ FLOPs ┃
┡━━━╇━━━━━━━━━━━╇━━━━━━━━━━━━━━━━━━━━━━━━━━━━━━━╇━━━━━━━━╇━━━━━━━╇━━━━━━━┩
│ 0 │ model     │ PeftModelForFeatureExtraction │ 85.3 M │ train │     0 │
│ 1 │ fc1       │ Linear                        │  1.0 M │ train │     0 │
│ 2 │ act       │ SiLU                          │      0 │ train │     0 │
│ 3 │ dropout   │ Dropout                       │      0 │ train │     0 │
│ 4 │ fc2       │ Linear                        │  1.0 K │ train │     0 │
│ 5 │ criterion │ BCEWithLogitsLoss             │      0 │ train │     0 │
└───┴───────────┴───────────────────────────────┴────────┴───────┴───────┘
Trainable params: 1.6 M                                                         
Non-trainable params: 84.8 M                                                    
Total params: 86.4 M                                                            
Total estimated model params size (MB): 345.466                                 
Modules in train mode: 87                                                       
Modules in eval mode: 103                                                       
Total FLOPs: 0                                                                  
/usr/local/lib/python3.12/dist-packages/lightning/pytorch/utilities/_pytree.py:21: `isinstance(treespec, LeafSpec)` is deprecated, use `isinstance(treespec, TreeSpec) and treespec.is_leaf()` instead.
/usr/local/lib/python3.12/dist-packages/lightning/pytorch/trainer/connectors/data_connector.py:434: The 'val_dataloader' does not have many workers which may be a bottleneck. Consider increasing the value of the `num_workers` argument` to `num_workers=3` in the `DataLoader` to improve performance.
/usr/local/lib/python3.12/dist-packages/lightning/pytorch/trainer/connectors/data_connector.py:434: The 'train_dataloader' does not have many workers which may be a bottleneck. Consider increasing the value of the `num_workers` argument` to `num_workers=3` in the `DataLoader` to improve performance.
/usr/local/lib/python3.12/dist-packages/lightning/pytorch/loops/fit_loop.py:538: Found 103 module(s) in eval mode at the start of training. This may lead to unexpected behavior during training. If this is intentional, you can ignore this warning.
`Trainer.fit` stopped: `max_epochs=10` reached.
Epoch 9/9  ━━━━━━━━━━━━━━━━━ 13/13 0:00:09 • 0:00:00 1.24it/s v_num: 0.000      
                                                              train_loss: 0.272 
                                                              val_loss: 0.302   
Loading weights:   0%|          | 0/85 [00:00<?, ?it/s]Loading weights: 100%|██████████| 85/85 [00:00<00:00, 3194.19it/s]
trainable params: 524,288 || all params: 85,315,989 || trainable%: 0.6145
Loading weights:   0%|          | 0/85 [00:00<?, ?it/s]Loading weights: 100%|██████████| 85/85 [00:00<00:00, 10529.43it/s]
GPU available: True (cuda), used: True
TPU available: False, using: 0 TPU cores
💡 Tip: For seamless cloud logging and experiment tracking, try installing [litlogger](https://pypi.org/project/litlogger/) to enable LitLogger, which logs metrics and artifacts automatically to the Lightning Experiments platform.
LOCAL_RANK: 0 - CUDA_VISIBLE_DEVICES: [1]
trainable params: 524,288 || all params: 85,315,989 || trainable%: 0.6145
┏━━━┳━━━━━━━━━━━┳━━━━━━━━━━━━━━━━━━━━━━━━━━━━━━━┳━━━━━━━━┳━━━━━━━┳━━━━━━━┓
┃   ┃ Name      ┃ Type                          ┃ Params ┃ Mode  ┃ FLOPs ┃
┡━━━╇━━━━━━━━━━━╇━━━━━━━━━━━━━━━━━━━━━━━━━━━━━━━╇━━━━━━━━╇━━━━━━━╇━━━━━━━┩
│ 0 │ model     │ PeftModelForFeatureExtraction │ 85.3 M │ train │     0 │
│ 1 │ fc1       │ Linear                        │  1.0 M │ train │     0 │
│ 2 │ act       │ SiLU                          │      0 │ train │     0 │
│ 3 │ dropout   │ Dropout                       │      0 │ train │     0 │
│ 4 │ fc2       │ Linear                        │  1.0 K │ train │     0 │
│ 5 │ criterion │ BCEWithLogitsLoss             │      0 │ train │     0 │
└───┴───────────┴───────────────────────────────┴────────┴───────┴───────┘
Trainable params: 1.6 M                                                         
Non-trainable params: 84.8 M                                                    
Total params: 86.4 M                                                            
Total estimated model params size (MB): 345.466                                 
Modules in train mode: 87                                                       
Modules in eval mode: 103                                                       
Total FLOPs: 0                                                                  
`Trainer.fit` stopped: `max_epochs=10` reached.
Epoch 9/9  ━━━━━━━━━━━━━━━━━ 13/13 0:00:08 • 0:00:00 1.40it/s v_num: 1.000      
                                                              train_loss: 0.204 
                                                              val_loss: 0.394   
Loading weights:   0%|          | 0/85 [00:00<?, ?it/s]Loading weights: 100%|██████████| 85/85 [00:00<00:00, 3057.31it/s]
trainable params: 524,288 || all params: 85,315,989 || trainable%: 0.6145
Loading weights:   0%|          | 0/85 [00:00<?, ?it/s]Loading weights: 100%|██████████| 85/85 [00:00<00:00, 3557.19it/s]
GPU available: True (cuda), used: True
TPU available: False, using: 0 TPU cores
💡 Tip: For seamless cloud logging and experiment tracking, try installing [litlogger](https://pypi.org/project/litlogger/) to enable LitLogger, which logs metrics and artifacts automatically to the Lightning Experiments platform.
LOCAL_RANK: 0 - CUDA_VISIBLE_DEVICES: [1]
trainable params: 524,288 || all params: 85,315,989 || trainable%: 0.6145
┏━━━┳━━━━━━━━━━━┳━━━━━━━━━━━━━━━━━━━━━━━━━━━━━━━┳━━━━━━━━┳━━━━━━━┳━━━━━━━┓
┃   ┃ Name      ┃ Type                          ┃ Params ┃ Mode  ┃ FLOPs ┃
┡━━━╇━━━━━━━━━━━╇━━━━━━━━━━━━━━━━━━━━━━━━━━━━━━━╇━━━━━━━━╇━━━━━━━╇━━━━━━━┩
│ 0 │ model     │ PeftModelForFeatureExtraction │ 85.3 M │ train │     0 │
│ 1 │ fc1       │ Linear                        │  1.0 M │ train │     0 │
│ 2 │ act       │ SiLU                          │      0 │ train │     0 │
│ 3 │ dropout   │ Dropout                       │      0 │ train │     0 │
│ 4 │ fc2       │ Linear                        │  1.0 K │ train │     0 │
│ 5 │ criterion │ BCEWithLogitsLoss             │      0 │ train │     0 │
└───┴───────────┴───────────────────────────────┴────────┴───────┴───────┘
Trainable params: 1.6 M                                                         
Non-trainable params: 84.8 M                                                    
Total params: 86.4 M                                                            
Total estimated model params size (MB): 345.466                                 
Modules in train mode: 87                                                       
Modules in eval mode: 103                                                       
Total FLOPs: 0                                                                  
`Trainer.fit` stopped: `max_epochs=10` reached.
Epoch 9/9  ━━━━━━━━━━━━━━━━━ 13/13 0:00:08 • 0:00:00 1.40it/s v_num: 2.000      
                                                              train_loss: 0.156 
                                                              val_loss: 0.417   
Loading weights:   0%|          | 0/85 [00:00<?, ?it/s]Loading weights: 100%|██████████| 85/85 [00:00<00:00, 2903.11it/s]
trainable params: 524,288 || all params: 85,315,989 || trainable%: 0.6145
Loading weights:   0%|          | 0/85 [00:00<?, ?it/s]Loading weights: 100%|██████████| 85/85 [00:00<00:00, 3178.04it/s]
GPU available: True (cuda), used: True
TPU available: False, using: 0 TPU cores
💡 Tip: For seamless cloud logging and experiment tracking, try installing [litlogger](https://pypi.org/project/litlogger/) to enable LitLogger, which logs metrics and artifacts automatically to the Lightning Experiments platform.
LOCAL_RANK: 0 - CUDA_VISIBLE_DEVICES: [1]
trainable params: 524,288 || all params: 85,315,989 || trainable%: 0.6145
┏━━━┳━━━━━━━━━━━┳━━━━━━━━━━━━━━━━━━━━━━━━━━━━━━━┳━━━━━━━━┳━━━━━━━┳━━━━━━━┓
┃   ┃ Name      ┃ Type                          ┃ Params ┃ Mode  ┃ FLOPs ┃
┡━━━╇━━━━━━━━━━━╇━━━━━━━━━━━━━━━━━━━━━━━━━━━━━━━╇━━━━━━━━╇━━━━━━━╇━━━━━━━┩
│ 0 │ model     │ PeftModelForFeatureExtraction │ 85.3 M │ train │     0 │
│ 1 │ fc1       │ Linear                        │  1.0 M │ train │     0 │
│ 2 │ act       │ SiLU                          │      0 │ train │     0 │
│ 3 │ dropout   │ Dropout                       │      0 │ train │     0 │
│ 4 │ fc2       │ Linear                        │  1.0 K │ train │     0 │
│ 5 │ criterion │ BCEWithLogitsLoss             │      0 │ train │     0 │
└───┴───────────┴───────────────────────────────┴────────┴───────┴───────┘
Trainable params: 1.6 M                                                         
Non-trainable params: 84.8 M                                                    
Total params: 86.4 M                                                            
Total estimated model params size (MB): 345.466                                 
Modules in train mode: 87                                                       
Modules in eval mode: 103                                                       
Total FLOPs: 0                                                                  
`Trainer.fit` stopped: `max_epochs=10` reached.
Epoch 9/9  ━━━━━━━━━━━━━━━━━ 13/13 0:00:09 • 0:00:00 1.36it/s v_num: 3.000      
                                                              train_loss: 0.340 
                                                              val_loss: 0.364   
Loading weights:   0%|          | 0/85 [00:00<?, ?it/s]Loading weights: 100%|██████████| 85/85 [00:00<00:00, 3232.71it/s]
trainable params: 524,288 || all params: 85,315,989 || trainable%: 0.6145
Loading weights:   0%|          | 0/85 [00:00<?, ?it/s]Loading weights: 100%|██████████| 85/85 [00:00<00:00, 3946.95it/s]
GPU available: True (cuda), used: True
TPU available: False, using: 0 TPU cores
💡 Tip: For seamless cloud logging and experiment tracking, try installing [litlogger](https://pypi.org/project/litlogger/) to enable LitLogger, which logs metrics and artifacts automatically to the Lightning Experiments platform.
LOCAL_RANK: 0 - CUDA_VISIBLE_DEVICES: [1]
trainable params: 524,288 || all params: 85,315,989 || trainable%: 0.6145
┏━━━┳━━━━━━━━━━━┳━━━━━━━━━━━━━━━━━━━━━━━━━━━━━━━┳━━━━━━━━┳━━━━━━━┳━━━━━━━┓
┃   ┃ Name      ┃ Type                          ┃ Params ┃ Mode  ┃ FLOPs ┃
┡━━━╇━━━━━━━━━━━╇━━━━━━━━━━━━━━━━━━━━━━━━━━━━━━━╇━━━━━━━━╇━━━━━━━╇━━━━━━━┩
│ 0 │ model     │ PeftModelForFeatureExtraction │ 85.3 M │ train │     0 │
│ 1 │ fc1       │ Linear                        │  1.0 M │ train │     0 │
│ 2 │ act       │ SiLU                          │      0 │ train │     0 │
│ 3 │ dropout   │ Dropout                       │      0 │ train │     0 │
│ 4 │ fc2       │ Linear                        │  1.0 K │ train │     0 │
│ 5 │ criterion │ BCEWithLogitsLoss             │      0 │ train │     0 │
└───┴───────────┴───────────────────────────────┴────────┴───────┴───────┘
Trainable params: 1.6 M                                                         
Non-trainable params: 84.8 M                                                    
Total params: 86.4 M                                                            
Total estimated model params size (MB): 345.466                                 
Modules in train mode: 87                                                       
Modules in eval mode: 103                                                       
Total FLOPs: 0                                                                  
`Trainer.fit` stopped: `max_epochs=10` reached.
Epoch 9/9  ━━━━━━━━━━━━━━━━━ 13/13 0:00:10 • 0:00:00 1.22it/s v_num: 4.000      
                                                              train_loss: 0.451 
                                                              val_loss: 0.381   
Loading weights:   0%|          | 0/85 [00:00<?, ?it/s]Loading weights: 100%|██████████| 85/85 [00:00<00:00, 3124.62it/s]
trainable params: 524,288 || all params: 85,315,989 || trainable%: 0.6145
