Seed set to 101001
[worker-start] pid=241 model=/kaggle/working/exported/peptideclm-2-mlm-small-treatment seed=101 test_fold=0 val_fold=1 gpu_index=0 cuda_visible_devices=1 cuda_available=True device_count=1 torch_cuda_version=12.8
[load-tokenizer] model=/kaggle/working/exported/peptideclm-2-mlm-small-treatment
[config] model=/kaggle/working/exported/peptideclm-2-mlm-small-treatment scale=small seed=101 target_scaling=none lr=1.00e-05 batch_size=16 eval_batch_size=32 accumulate_grad_batches=1 head_dropout=0.15 weight_decay=0.0010 warmup_fraction=0.10
[fold] test_fold=0 val_fold=1 fold_seed=101001 train_n=3690 val_n=1465 test_n=1546 value_min=0.0000 value_max=1.0000
[load-model] model=/kaggle/working/exported/peptideclm-2-mlm-small-treatment
Loading weights:   0%|          | 0/145 [00:00<?, ?it/s]Loading weights: 100%|██████████| 145/145 [00:00<00:00, 2787.28it/s]
[trainable] trainable_params=31931798 total_params=31931798 trainable_fraction=1.0000
Using 16bit Automatic Mixed Precision (AMP)
GPU available: True (cuda), used: True
TPU available: False, using: 0 TPU cores
💡 Tip: For seamless cloud logging and experiment tracking, try installing [litlogger](https://pypi.org/project/litlogger/) to enable LitLogger, which logs metrics and artifacts automatically to the Lightning Experiments platform.
[trainer-fit] model=/kaggle/working/exported/peptideclm-2-mlm-small-treatment test_fold=0 val_fold=1 accelerator=gpu gpu_index=0
LOCAL_RANK: 0 - CUDA_VISIBLE_DEVICES: [1]
┏━━━┳━━━━━━━━━━━━━━━━━┳━━━━━━━━━━━━┳━━━━━━━━┳━━━━━━━┳━━━━━━━┓
┃   ┃ Name            ┃ Type       ┃ Params ┃ Mode  ┃ FLOPs ┃
┡━━━╇━━━━━━━━━━━━━━━━━╇━━━━━━━━━━━━╇━━━━━━━━╇━━━━━━━╇━━━━━━━┩
│ 0 │ model           │ MLM_model  │ 31.7 M │ eval  │     0 │
│ 1 │ regression_head │ Sequential │  263 K │ train │     0 │
│ 2 │ criterion       │ MSELoss    │      0 │ train │     0 │
└───┴─────────────────┴────────────┴────────┴───────┴───────┘
Trainable params: 31.9 M                                                        
Non-trainable params: 0                                                         
Total params: 31.9 M                                                            
Total estimated model params size (MB): 127.727                                 
Modules in train mode: 6                                                        
Modules in eval mode: 175                                                       
Total FLOPs: 0                                                                  
[trainer-predict] model=/kaggle/working/exported/peptideclm-2-mlm-small-treatment test_fold=0 val_fold=1
Restoring states from the checkpoint path at /kaggle/working/their_repo/tmp/logs/regression_full_v2/cycpeptmpdb_perm/peptideclm_fullft_v2/peptideclm-2-mlm-small-treatment/seed_101/fold0_val1/version_0/checkpoints/best.ckpt
LOCAL_RANK: 0 - CUDA_VISIBLE_DEVICES: [1]
Loaded model weights from the checkpoint at /kaggle/working/their_repo/tmp/logs/regression_full_v2/cycpeptmpdb_perm/peptideclm_fullft_v2/peptideclm-2-mlm-small-treatment/seed_101/fold0_val1/version_0/checkpoints/best.ckpt
Seed set to 101002
[worker-start] pid=264 model=/kaggle/working/exported/peptideclm-2-mlm-small-treatment seed=101 test_fold=0 val_fold=2 gpu_index=0 cuda_visible_devices=1 cuda_available=True device_count=1 torch_cuda_version=12.8
[load-tokenizer] model=/kaggle/working/exported/peptideclm-2-mlm-small-treatment
[config] model=/kaggle/working/exported/peptideclm-2-mlm-small-treatment scale=small seed=101 target_scaling=none lr=1.00e-05 batch_size=16 eval_batch_size=32 accumulate_grad_batches=1 head_dropout=0.15 weight_decay=0.0010 warmup_fraction=0.10
[fold] test_fold=0 val_fold=2 fold_seed=101002 train_n=3700 val_n=1455 test_n=1546 value_min=0.0000 value_max=1.0000
[load-model] model=/kaggle/working/exported/peptideclm-2-mlm-small-treatment
Loading weights:   0%|          | 0/145 [00:00<?, ?it/s]Loading weights: 100%|██████████| 145/145 [00:00<00:00, 2618.36it/s]
[trainable] trainable_params=31931798 total_params=31931798 trainable_fraction=1.0000
Using 16bit Automatic Mixed Precision (AMP)
GPU available: True (cuda), used: True
TPU available: False, using: 0 TPU cores
💡 Tip: For seamless cloud logging and experiment tracking, try installing [litlogger](https://pypi.org/project/litlogger/) to enable LitLogger, which logs metrics and artifacts automatically to the Lightning Experiments platform.
[trainer-fit] model=/kaggle/working/exported/peptideclm-2-mlm-small-treatment test_fold=0 val_fold=2 accelerator=gpu gpu_index=0
LOCAL_RANK: 0 - CUDA_VISIBLE_DEVICES: [1]
┏━━━┳━━━━━━━━━━━━━━━━━┳━━━━━━━━━━━━┳━━━━━━━━┳━━━━━━━┳━━━━━━━┓
┃   ┃ Name            ┃ Type       ┃ Params ┃ Mode  ┃ FLOPs ┃
┡━━━╇━━━━━━━━━━━━━━━━━╇━━━━━━━━━━━━╇━━━━━━━━╇━━━━━━━╇━━━━━━━┩
│ 0 │ model           │ MLM_model  │ 31.7 M │ eval  │     0 │
│ 1 │ regression_head │ Sequential │  263 K │ train │     0 │
│ 2 │ criterion       │ MSELoss    │      0 │ train │     0 │
└───┴─────────────────┴────────────┴────────┴───────┴───────┘
Trainable params: 31.9 M                                                        
Non-trainable params: 0                                                         
Total params: 31.9 M                                                            
Total estimated model params size (MB): 127.727                                 
Modules in train mode: 6                                                        
Modules in eval mode: 175                                                       
Total FLOPs: 0                                                                  
[trainer-predict] model=/kaggle/working/exported/peptideclm-2-mlm-small-treatment test_fold=0 val_fold=2
Restoring states from the checkpoint path at /kaggle/working/their_repo/tmp/logs/regression_full_v2/cycpeptmpdb_perm/peptideclm_fullft_v2/peptideclm-2-mlm-small-treatment/seed_101/fold0_val2/version_0/checkpoints/best.ckpt
LOCAL_RANK: 0 - CUDA_VISIBLE_DEVICES: [1]
Loaded model weights from the checkpoint at /kaggle/working/their_repo/tmp/logs/regression_full_v2/cycpeptmpdb_perm/peptideclm_fullft_v2/peptideclm-2-mlm-small-treatment/seed_101/fold0_val2/version_0/checkpoints/best.ckpt
Seed set to 101003
[worker-start] pid=288 model=/kaggle/working/exported/peptideclm-2-mlm-small-treatment seed=101 test_fold=0 val_fold=3 gpu_index=0 cuda_visible_devices=1 cuda_available=True device_count=1 torch_cuda_version=12.8
[load-tokenizer] model=/kaggle/working/exported/peptideclm-2-mlm-small-treatment
[config] model=/kaggle/working/exported/peptideclm-2-mlm-small-treatment scale=small seed=101 target_scaling=none lr=1.00e-05 batch_size=16 eval_batch_size=32 accumulate_grad_batches=1 head_dropout=0.15 weight_decay=0.0010 warmup_fraction=0.10
[fold] test_fold=0 val_fold=3 fold_seed=101003 train_n=3949 val_n=1206 test_n=1546 value_min=0.0000 value_max=1.0000
[load-model] model=/kaggle/working/exported/peptideclm-2-mlm-small-treatment
Loading weights:   0%|          | 0/145 [00:00<?, ?it/s]Loading weights: 100%|██████████| 145/145 [00:00<00:00, 2355.24it/s]
[trainable] trainable_params=31931798 total_params=31931798 trainable_fraction=1.0000
Using 16bit Automatic Mixed Precision (AMP)
GPU available: True (cuda), used: True
TPU available: False, using: 0 TPU cores
💡 Tip: For seamless cloud logging and experiment tracking, try installing [litlogger](https://pypi.org/project/litlogger/) to enable LitLogger, which logs metrics and artifacts automatically to the Lightning Experiments platform.
[trainer-fit] model=/kaggle/working/exported/peptideclm-2-mlm-small-treatment test_fold=0 val_fold=3 accelerator=gpu gpu_index=0
LOCAL_RANK: 0 - CUDA_VISIBLE_DEVICES: [1]
┏━━━┳━━━━━━━━━━━━━━━━━┳━━━━━━━━━━━━┳━━━━━━━━┳━━━━━━━┳━━━━━━━┓
┃   ┃ Name            ┃ Type       ┃ Params ┃ Mode  ┃ FLOPs ┃
┡━━━╇━━━━━━━━━━━━━━━━━╇━━━━━━━━━━━━╇━━━━━━━━╇━━━━━━━╇━━━━━━━┩
│ 0 │ model           │ MLM_model  │ 31.7 M │ eval  │     0 │
│ 1 │ regression_head │ Sequential │  263 K │ train │     0 │
│ 2 │ criterion       │ MSELoss    │      0 │ train │     0 │
└───┴─────────────────┴────────────┴────────┴───────┴───────┘
Trainable params: 31.9 M                                                        
Non-trainable params: 0                                                         
Total params: 31.9 M                                                            
Total estimated model params size (MB): 127.727                                 
Modules in train mode: 6                                                        
Modules in eval mode: 175                                                       
Total FLOPs: 0                                                                  
[trainer-predict] model=/kaggle/working/exported/peptideclm-2-mlm-small-treatment test_fold=0 val_fold=3
Restoring states from the checkpoint path at /kaggle/working/their_repo/tmp/logs/regression_full_v2/cycpeptmpdb_perm/peptideclm_fullft_v2/peptideclm-2-mlm-small-treatment/seed_101/fold0_val3/version_0/checkpoints/best.ckpt
LOCAL_RANK: 0 - CUDA_VISIBLE_DEVICES: [1]
Loaded model weights from the checkpoint at /kaggle/working/their_repo/tmp/logs/regression_full_v2/cycpeptmpdb_perm/peptideclm_fullft_v2/peptideclm-2-mlm-small-treatment/seed_101/fold0_val3/version_0/checkpoints/best.ckpt
Seed set to 101004
[worker-start] pid=312 model=/kaggle/working/exported/peptideclm-2-mlm-small-treatment seed=101 test_fold=0 val_fold=4 gpu_index=0 cuda_visible_devices=1 cuda_available=True device_count=1 torch_cuda_version=12.8
[load-tokenizer] model=/kaggle/working/exported/peptideclm-2-mlm-small-treatment
[config] model=/kaggle/working/exported/peptideclm-2-mlm-small-treatment scale=small seed=101 target_scaling=none lr=1.00e-05 batch_size=16 eval_batch_size=32 accumulate_grad_batches=1 head_dropout=0.15 weight_decay=0.0010 warmup_fraction=0.10
[fold] test_fold=0 val_fold=4 fold_seed=101004 train_n=4620 val_n=535 test_n=1546 value_min=0.0000 value_max=1.0000
[load-model] model=/kaggle/working/exported/peptideclm-2-mlm-small-treatment
Loading weights:   0%|          | 0/145 [00:00<?, ?it/s]Loading weights: 100%|██████████| 145/145 [00:00<00:00, 2450.91it/s]
[trainable] trainable_params=31931798 total_params=31931798 trainable_fraction=1.0000
Using 16bit Automatic Mixed Precision (AMP)
GPU available: True (cuda), used: True
TPU available: False, using: 0 TPU cores
💡 Tip: For seamless cloud logging and experiment tracking, try installing [litlogger](https://pypi.org/project/litlogger/) to enable LitLogger, which logs metrics and artifacts automatically to the Lightning Experiments platform.
[trainer-fit] model=/kaggle/working/exported/peptideclm-2-mlm-small-treatment test_fold=0 val_fold=4 accelerator=gpu gpu_index=0
LOCAL_RANK: 0 - CUDA_VISIBLE_DEVICES: [1]
┏━━━┳━━━━━━━━━━━━━━━━━┳━━━━━━━━━━━━┳━━━━━━━━┳━━━━━━━┳━━━━━━━┓
┃   ┃ Name            ┃ Type       ┃ Params ┃ Mode  ┃ FLOPs ┃
┡━━━╇━━━━━━━━━━━━━━━━━╇━━━━━━━━━━━━╇━━━━━━━━╇━━━━━━━╇━━━━━━━┩
│ 0 │ model           │ MLM_model  │ 31.7 M │ eval  │     0 │
│ 1 │ regression_head │ Sequential │  263 K │ train │     0 │
│ 2 │ criterion       │ MSELoss    │      0 │ train │     0 │
└───┴─────────────────┴────────────┴────────┴───────┴───────┘
Trainable params: 31.9 M                                                        
Non-trainable params: 0                                                         
Total params: 31.9 M                                                            
Total estimated model params size (MB): 127.727                                 
Modules in train mode: 6                                                        
Modules in eval mode: 175                                                       
Total FLOPs: 0                                                                  
[trainer-predict] model=/kaggle/working/exported/peptideclm-2-mlm-small-treatment test_fold=0 val_fold=4
Restoring states from the checkpoint path at /kaggle/working/their_repo/tmp/logs/regression_full_v2/cycpeptmpdb_perm/peptideclm_fullft_v2/peptideclm-2-mlm-small-treatment/seed_101/fold0_val4/version_0/checkpoints/best.ckpt
LOCAL_RANK: 0 - CUDA_VISIBLE_DEVICES: [1]
Loaded model weights from the checkpoint at /kaggle/working/their_repo/tmp/logs/regression_full_v2/cycpeptmpdb_perm/peptideclm_fullft_v2/peptideclm-2-mlm-small-treatment/seed_101/fold0_val4/version_0/checkpoints/best.ckpt
Seed set to 101005
[worker-start] pid=336 model=/kaggle/working/exported/peptideclm-2-mlm-small-treatment seed=101 test_fold=0 val_fold=5 gpu_index=0 cuda_visible_devices=1 cuda_available=True device_count=1 torch_cuda_version=12.8
[load-tokenizer] model=/kaggle/working/exported/peptideclm-2-mlm-small-treatment
[config] model=/kaggle/working/exported/peptideclm-2-mlm-small-treatment scale=small seed=101 target_scaling=none lr=1.00e-05 batch_size=16 eval_batch_size=32 accumulate_grad_batches=1 head_dropout=0.15 weight_decay=0.0010 warmup_fraction=0.10
[fold] test_fold=0 val_fold=5 fold_seed=101005 train_n=4661 val_n=494 test_n=1546 value_min=0.0000 value_max=1.0000
[load-model] model=/kaggle/working/exported/peptideclm-2-mlm-small-treatment
Loading weights:   0%|          | 0/145 [00:00<?, ?it/s]Loading weights: 100%|██████████| 145/145 [00:00<00:00, 2471.80it/s]
[trainable] trainable_params=31931798 total_params=31931798 trainable_fraction=1.0000
Using 16bit Automatic Mixed Precision (AMP)
GPU available: True (cuda), used: True
TPU available: False, using: 0 TPU cores
💡 Tip: For seamless cloud logging and experiment tracking, try installing [litlogger](https://pypi.org/project/litlogger/) to enable LitLogger, which logs metrics and artifacts automatically to the Lightning Experiments platform.
[trainer-fit] model=/kaggle/working/exported/peptideclm-2-mlm-small-treatment test_fold=0 val_fold=5 accelerator=gpu gpu_index=0
LOCAL_RANK: 0 - CUDA_VISIBLE_DEVICES: [1]
┏━━━┳━━━━━━━━━━━━━━━━━┳━━━━━━━━━━━━┳━━━━━━━━┳━━━━━━━┳━━━━━━━┓
┃   ┃ Name            ┃ Type       ┃ Params ┃ Mode  ┃ FLOPs ┃
┡━━━╇━━━━━━━━━━━━━━━━━╇━━━━━━━━━━━━╇━━━━━━━━╇━━━━━━━╇━━━━━━━┩
│ 0 │ model           │ MLM_model  │ 31.7 M │ eval  │     0 │
│ 1 │ regression_head │ Sequential │  263 K │ train │     0 │
│ 2 │ criterion       │ MSELoss    │      0 │ train │     0 │
└───┴─────────────────┴────────────┴────────┴───────┴───────┘
Trainable params: 31.9 M                                                        
Non-trainable params: 0                                                         
Total params: 31.9 M                                                            
Total estimated model params size (MB): 127.727                                 
Modules in train mode: 6                                                        
Modules in eval mode: 175                                                       
Total FLOPs: 0                                                                  
[trainer-predict] model=/kaggle/working/exported/peptideclm-2-mlm-small-treatment test_fold=0 val_fold=5
Restoring states from the checkpoint path at /kaggle/working/their_repo/tmp/logs/regression_full_v2/cycpeptmpdb_perm/peptideclm_fullft_v2/peptideclm-2-mlm-small-treatment/seed_101/fold0_val5/version_0/checkpoints/best.ckpt
LOCAL_RANK: 0 - CUDA_VISIBLE_DEVICES: [1]
Loaded model weights from the checkpoint at /kaggle/working/their_repo/tmp/logs/regression_full_v2/cycpeptmpdb_perm/peptideclm_fullft_v2/peptideclm-2-mlm-small-treatment/seed_101/fold0_val5/version_0/checkpoints/best.ckpt
Seed set to 101500
[worker-start] pid=360 model=/kaggle/working/exported/peptideclm-2-mlm-small-treatment seed=101 test_fold=5 val_fold=0 gpu_index=0 cuda_visible_devices=1 cuda_available=True device_count=1 torch_cuda_version=12.8
[load-tokenizer] model=/kaggle/working/exported/peptideclm-2-mlm-small-treatment
[config] model=/kaggle/working/exported/peptideclm-2-mlm-small-treatment scale=small seed=101 target_scaling=none lr=1.00e-05 batch_size=16 eval_batch_size=32 accumulate_grad_batches=1 head_dropout=0.15 weight_decay=0.0010 warmup_fraction=0.10
[fold] test_fold=5 val_fold=0 fold_seed=101500 train_n=4661 val_n=1546 test_n=494 value_min=0.0000 value_max=1.0000
[load-model] model=/kaggle/working/exported/peptideclm-2-mlm-small-treatment
Loading weights:   0%|          | 0/145 [00:00<?, ?it/s]Loading weights: 100%|██████████| 145/145 [00:00<00:00, 2380.81it/s]
[trainable] trainable_params=31931798 total_params=31931798 trainable_fraction=1.0000
Using 16bit Automatic Mixed Precision (AMP)
GPU available: True (cuda), used: True
TPU available: False, using: 0 TPU cores
💡 Tip: For seamless cloud logging and experiment tracking, try installing [litlogger](https://pypi.org/project/litlogger/) to enable LitLogger, which logs metrics and artifacts automatically to the Lightning Experiments platform.
[trainer-fit] model=/kaggle/working/exported/peptideclm-2-mlm-small-treatment test_fold=5 val_fold=0 accelerator=gpu gpu_index=0
LOCAL_RANK: 0 - CUDA_VISIBLE_DEVICES: [1]
┏━━━┳━━━━━━━━━━━━━━━━━┳━━━━━━━━━━━━┳━━━━━━━━┳━━━━━━━┳━━━━━━━┓
┃   ┃ Name            ┃ Type       ┃ Params ┃ Mode  ┃ FLOPs ┃
┡━━━╇━━━━━━━━━━━━━━━━━╇━━━━━━━━━━━━╇━━━━━━━━╇━━━━━━━╇━━━━━━━┩
│ 0 │ model           │ MLM_model  │ 31.7 M │ eval  │     0 │
│ 1 │ regression_head │ Sequential │  263 K │ train │     0 │
│ 2 │ criterion       │ MSELoss    │      0 │ train │     0 │
└───┴─────────────────┴────────────┴────────┴───────┴───────┘
Trainable params: 31.9 M                                                        
Non-trainable params: 0                                                         
Total params: 31.9 M                                                            
Total estimated model params size (MB): 127.727                                 
Modules in train mode: 6                                                        
Modules in eval mode: 175                                                       
Total FLOPs: 0                                                                  
[trainer-predict] model=/kaggle/working/exported/peptideclm-2-mlm-small-treatment test_fold=5 val_fold=0
Restoring states from the checkpoint path at /kaggle/working/their_repo/tmp/logs/regression_full_v2/cycpeptmpdb_perm/peptideclm_fullft_v2/peptideclm-2-mlm-small-treatment/seed_101/fold5_val0/version_0/checkpoints/best.ckpt
LOCAL_RANK: 0 - CUDA_VISIBLE_DEVICES: [1]
Loaded model weights from the checkpoint at /kaggle/working/their_repo/tmp/logs/regression_full_v2/cycpeptmpdb_perm/peptideclm_fullft_v2/peptideclm-2-mlm-small-treatment/seed_101/fold5_val0/version_0/checkpoints/best.ckpt
Seed set to 101501
[worker-start] pid=384 model=/kaggle/working/exported/peptideclm-2-mlm-small-treatment seed=101 test_fold=5 val_fold=1 gpu_index=0 cuda_visible_devices=1 cuda_available=True device_count=1 torch_cuda_version=12.8
[load-tokenizer] model=/kaggle/working/exported/peptideclm-2-mlm-small-treatment
[config] model=/kaggle/working/exported/peptideclm-2-mlm-small-treatment scale=small seed=101 target_scaling=none lr=1.00e-05 batch_size=16 eval_batch_size=32 accumulate_grad_batches=1 head_dropout=0.15 weight_decay=0.0010 warmup_fraction=0.10
[fold] test_fold=5 val_fold=1 fold_seed=101501 train_n=4742 val_n=1465 test_n=494 value_min=0.0000 value_max=1.0000
[load-model] model=/kaggle/working/exported/peptideclm-2-mlm-small-treatment
Loading weights:   0%|          | 0/145 [00:00<?, ?it/s]Loading weights: 100%|██████████| 145/145 [00:00<00:00, 2590.39it/s]
[trainable] trainable_params=31931798 total_params=31931798 trainable_fraction=1.0000
Using 16bit Automatic Mixed Precision (AMP)
GPU available: True (cuda), used: True
TPU available: False, using: 0 TPU cores
💡 Tip: For seamless cloud logging and experiment tracking, try installing [litlogger](https://pypi.org/project/litlogger/) to enable LitLogger, which logs metrics and artifacts automatically to the Lightning Experiments platform.
[trainer-fit] model=/kaggle/working/exported/peptideclm-2-mlm-small-treatment test_fold=5 val_fold=1 accelerator=gpu gpu_index=0
LOCAL_RANK: 0 - CUDA_VISIBLE_DEVICES: [1]
┏━━━┳━━━━━━━━━━━━━━━━━┳━━━━━━━━━━━━┳━━━━━━━━┳━━━━━━━┳━━━━━━━┓
┃   ┃ Name            ┃ Type       ┃ Params ┃ Mode  ┃ FLOPs ┃
┡━━━╇━━━━━━━━━━━━━━━━━╇━━━━━━━━━━━━╇━━━━━━━━╇━━━━━━━╇━━━━━━━┩
│ 0 │ model           │ MLM_model  │ 31.7 M │ eval  │     0 │
│ 1 │ regression_head │ Sequential │  263 K │ train │     0 │
│ 2 │ criterion       │ MSELoss    │      0 │ train │     0 │
└───┴─────────────────┴────────────┴────────┴───────┴───────┘
Trainable params: 31.9 M                                                        
Non-trainable params: 0                                                         
Total params: 31.9 M                                                            
Total estimated model params size (MB): 127.727                                 
Modules in train mode: 6                                                        
Modules in eval mode: 175                                                       
Total FLOPs: 0                                                                  
[trainer-predict] model=/kaggle/working/exported/peptideclm-2-mlm-small-treatment test_fold=5 val_fold=1
Restoring states from the checkpoint path at /kaggle/working/their_repo/tmp/logs/regression_full_v2/cycpeptmpdb_perm/peptideclm_fullft_v2/peptideclm-2-mlm-small-treatment/seed_101/fold5_val1/version_0/checkpoints/best.ckpt
LOCAL_RANK: 0 - CUDA_VISIBLE_DEVICES: [1]
Loaded model weights from the checkpoint at /kaggle/working/their_repo/tmp/logs/regression_full_v2/cycpeptmpdb_perm/peptideclm_fullft_v2/peptideclm-2-mlm-small-treatment/seed_101/fold5_val1/version_0/checkpoints/best.ckpt
Seed set to 101502
[worker-start] pid=408 model=/kaggle/working/exported/peptideclm-2-mlm-small-treatment seed=101 test_fold=5 val_fold=2 gpu_index=0 cuda_visible_devices=1 cuda_available=True device_count=1 torch_cuda_version=12.8
[load-tokenizer] model=/kaggle/working/exported/peptideclm-2-mlm-small-treatment
[config] model=/kaggle/working/exported/peptideclm-2-mlm-small-treatment scale=small seed=101 target_scaling=none lr=1.00e-05 batch_size=16 eval_batch_size=32 accumulate_grad_batches=1 head_dropout=0.15 weight_decay=0.0010 warmup_fraction=0.10
[fold] test_fold=5 val_fold=2 fold_seed=101502 train_n=4752 val_n=1455 test_n=494 value_min=0.0000 value_max=1.0000
[load-model] model=/kaggle/working/exported/peptideclm-2-mlm-small-treatment
Loading weights:   0%|          | 0/145 [00:00<?, ?it/s]Loading weights: 100%|██████████| 145/145 [00:00<00:00, 2851.82it/s]
[trainable] trainable_params=31931798 total_params=31931798 trainable_fraction=1.0000
Using 16bit Automatic Mixed Precision (AMP)
GPU available: True (cuda), used: True
TPU available: False, using: 0 TPU cores
💡 Tip: For seamless cloud logging and experiment tracking, try installing [litlogger](https://pypi.org/project/litlogger/) to enable LitLogger, which logs metrics and artifacts automatically to the Lightning Experiments platform.
[trainer-fit] model=/kaggle/working/exported/peptideclm-2-mlm-small-treatment test_fold=5 val_fold=2 accelerator=gpu gpu_index=0
LOCAL_RANK: 0 - CUDA_VISIBLE_DEVICES: [1]
┏━━━┳━━━━━━━━━━━━━━━━━┳━━━━━━━━━━━━┳━━━━━━━━┳━━━━━━━┳━━━━━━━┓
┃   ┃ Name            ┃ Type       ┃ Params ┃ Mode  ┃ FLOPs ┃
┡━━━╇━━━━━━━━━━━━━━━━━╇━━━━━━━━━━━━╇━━━━━━━━╇━━━━━━━╇━━━━━━━┩
│ 0 │ model           │ MLM_model  │ 31.7 M │ eval  │     0 │
│ 1 │ regression_head │ Sequential │  263 K │ train │     0 │
│ 2 │ criterion       │ MSELoss    │      0 │ train │     0 │
└───┴─────────────────┴────────────┴────────┴───────┴───────┘
Trainable params: 31.9 M                                                        
Non-trainable params: 0                                                         
Total params: 31.9 M                                                            
Total estimated model params size (MB): 127.727                                 
Modules in train mode: 6                                                        
Modules in eval mode: 175                                                       
Total FLOPs: 0                                                                  
[trainer-predict] model=/kaggle/working/exported/peptideclm-2-mlm-small-treatment test_fold=5 val_fold=2
Restoring states from the checkpoint path at /kaggle/working/their_repo/tmp/logs/regression_full_v2/cycpeptmpdb_perm/peptideclm_fullft_v2/peptideclm-2-mlm-small-treatment/seed_101/fold5_val2/version_0/checkpoints/best.ckpt
LOCAL_RANK: 0 - CUDA_VISIBLE_DEVICES: [1]
Loaded model weights from the checkpoint at /kaggle/working/their_repo/tmp/logs/regression_full_v2/cycpeptmpdb_perm/peptideclm_fullft_v2/peptideclm-2-mlm-small-treatment/seed_101/fold5_val2/version_0/checkpoints/best.ckpt
Seed set to 101503
[worker-start] pid=432 model=/kaggle/working/exported/peptideclm-2-mlm-small-treatment seed=101 test_fold=5 val_fold=3 gpu_index=0 cuda_visible_devices=1 cuda_available=True device_count=1 torch_cuda_version=12.8
[load-tokenizer] model=/kaggle/working/exported/peptideclm-2-mlm-small-treatment
[config] model=/kaggle/working/exported/peptideclm-2-mlm-small-treatment scale=small seed=101 target_scaling=none lr=1.00e-05 batch_size=16 eval_batch_size=32 accumulate_grad_batches=1 head_dropout=0.15 weight_decay=0.0010 warmup_fraction=0.10
[fold] test_fold=5 val_fold=3 fold_seed=101503 train_n=5001 val_n=1206 test_n=494 value_min=0.0000 value_max=1.0000
[load-model] model=/kaggle/working/exported/peptideclm-2-mlm-small-treatment
Loading weights:   0%|          | 0/145 [00:00<?, ?it/s]Loading weights: 100%|██████████| 145/145 [00:00<00:00, 2561.85it/s]
[trainable] trainable_params=31931798 total_params=31931798 trainable_fraction=1.0000
Using 16bit Automatic Mixed Precision (AMP)
GPU available: True (cuda), used: True
TPU available: False, using: 0 TPU cores
💡 Tip: For seamless cloud logging and experiment tracking, try installing [litlogger](https://pypi.org/project/litlogger/) to enable LitLogger, which logs metrics and artifacts automatically to the Lightning Experiments platform.
[trainer-fit] model=/kaggle/working/exported/peptideclm-2-mlm-small-treatment test_fold=5 val_fold=3 accelerator=gpu gpu_index=0
LOCAL_RANK: 0 - CUDA_VISIBLE_DEVICES: [1]
┏━━━┳━━━━━━━━━━━━━━━━━┳━━━━━━━━━━━━┳━━━━━━━━┳━━━━━━━┳━━━━━━━┓
┃   ┃ Name            ┃ Type       ┃ Params ┃ Mode  ┃ FLOPs ┃
┡━━━╇━━━━━━━━━━━━━━━━━╇━━━━━━━━━━━━╇━━━━━━━━╇━━━━━━━╇━━━━━━━┩
│ 0 │ model           │ MLM_model  │ 31.7 M │ eval  │     0 │
│ 1 │ regression_head │ Sequential │  263 K │ train │     0 │
│ 2 │ criterion       │ MSELoss    │      0 │ train │     0 │
└───┴─────────────────┴────────────┴────────┴───────┴───────┘
Trainable params: 31.9 M                                                        
Non-trainable params: 0                                                         
Total params: 31.9 M                                                            
Total estimated model params size (MB): 127.727                                 
Modules in train mode: 6                                                        
Modules in eval mode: 175                                                       
Total FLOPs: 0                                                                  
[trainer-predict] model=/kaggle/working/exported/peptideclm-2-mlm-small-treatment test_fold=5 val_fold=3
Restoring states from the checkpoint path at /kaggle/working/their_repo/tmp/logs/regression_full_v2/cycpeptmpdb_perm/peptideclm_fullft_v2/peptideclm-2-mlm-small-treatment/seed_101/fold5_val3/version_0/checkpoints/best.ckpt
LOCAL_RANK: 0 - CUDA_VISIBLE_DEVICES: [1]
Loaded model weights from the checkpoint at /kaggle/working/their_repo/tmp/logs/regression_full_v2/cycpeptmpdb_perm/peptideclm_fullft_v2/peptideclm-2-mlm-small-treatment/seed_101/fold5_val3/version_0/checkpoints/best.ckpt
Seed set to 101504
[worker-start] pid=456 model=/kaggle/working/exported/peptideclm-2-mlm-small-treatment seed=101 test_fold=5 val_fold=4 gpu_index=0 cuda_visible_devices=1 cuda_available=True device_count=1 torch_cuda_version=12.8
[load-tokenizer] model=/kaggle/working/exported/peptideclm-2-mlm-small-treatment
[config] model=/kaggle/working/exported/peptideclm-2-mlm-small-treatment scale=small seed=101 target_scaling=none lr=1.00e-05 batch_size=16 eval_batch_size=32 accumulate_grad_batches=1 head_dropout=0.15 weight_decay=0.0010 warmup_fraction=0.10
[fold] test_fold=5 val_fold=4 fold_seed=101504 train_n=5672 val_n=535 test_n=494 value_min=0.0000 value_max=1.0000
[load-model] model=/kaggle/working/exported/peptideclm-2-mlm-small-treatment
Loading weights:   0%|          | 0/145 [00:00<?, ?it/s]Loading weights: 100%|██████████| 145/145 [00:00<00:00, 2479.41it/s]
[trainable] trainable_params=31931798 total_params=31931798 trainable_fraction=1.0000
Using 16bit Automatic Mixed Precision (AMP)
GPU available: True (cuda), used: True
TPU available: False, using: 0 TPU cores
💡 Tip: For seamless cloud logging and experiment tracking, try installing [litlogger](https://pypi.org/project/litlogger/) to enable LitLogger, which logs metrics and artifacts automatically to the Lightning Experiments platform.
[trainer-fit] model=/kaggle/working/exported/peptideclm-2-mlm-small-treatment test_fold=5 val_fold=4 accelerator=gpu gpu_index=0
LOCAL_RANK: 0 - CUDA_VISIBLE_DEVICES: [1]
┏━━━┳━━━━━━━━━━━━━━━━━┳━━━━━━━━━━━━┳━━━━━━━━┳━━━━━━━┳━━━━━━━┓
┃   ┃ Name            ┃ Type       ┃ Params ┃ Mode  ┃ FLOPs ┃
┡━━━╇━━━━━━━━━━━━━━━━━╇━━━━━━━━━━━━╇━━━━━━━━╇━━━━━━━╇━━━━━━━┩
│ 0 │ model           │ MLM_model  │ 31.7 M │ eval  │     0 │
│ 1 │ regression_head │ Sequential │  263 K │ train │     0 │
│ 2 │ criterion       │ MSELoss    │      0 │ train │     0 │
└───┴─────────────────┴────────────┴────────┴───────┴───────┘
Trainable params: 31.9 M                                                        
Non-trainable params: 0                                                         
Total params: 31.9 M                                                            
Total estimated model params size (MB): 127.727                                 
Modules in train mode: 6                                                        
Modules in eval mode: 175                                                       
Total FLOPs: 0                                                                  
[trainer-predict] model=/kaggle/working/exported/peptideclm-2-mlm-small-treatment test_fold=5 val_fold=4
Restoring states from the checkpoint path at /kaggle/working/their_repo/tmp/logs/regression_full_v2/cycpeptmpdb_perm/peptideclm_fullft_v2/peptideclm-2-mlm-small-treatment/seed_101/fold5_val4/version_0/checkpoints/best.ckpt
LOCAL_RANK: 0 - CUDA_VISIBLE_DEVICES: [1]
Loaded model weights from the checkpoint at /kaggle/working/their_repo/tmp/logs/regression_full_v2/cycpeptmpdb_perm/peptideclm_fullft_v2/peptideclm-2-mlm-small-treatment/seed_101/fold5_val4/version_0/checkpoints/best.ckpt
