Seed set to 101
Loading weights:   0%|          | 0/165 [00:00<?, ?it/s]Loading weights: 100%|██████████| 165/165 [00:00<00:00, 2681.17it/s]
GPU available: True (cuda), used: True
TPU available: False, using: 0 TPU cores
💡 Tip: For seamless cloud logging and experiment tracking, try installing [litlogger](https://pypi.org/project/litlogger/) to enable LitLogger, which logs metrics and artifacts automatically to the Lightning Experiments platform.
LOCAL_RANK: 0 - CUDA_VISIBLE_DEVICES: [0]
trainable params: 1,048,576 || all params: 169,800,085 || trainable%: 0.6175
┏━━━┳━━━━━━━━━━━┳━━━━━━━━━━━━━━━━━━━━━━━━━━━━━━━┳━━━━━━━━┳━━━━━━━┳━━━━━━━┓
┃   ┃ Name      ┃ Type                          ┃ Params ┃ Mode  ┃ FLOPs ┃
┡━━━╇━━━━━━━━━━━╇━━━━━━━━━━━━━━━━━━━━━━━━━━━━━━━╇━━━━━━━━╇━━━━━━━╇━━━━━━━┩
│ 0 │ model     │ PeftModelForFeatureExtraction │  169 M │ train │     0 │
│ 1 │ fc1       │ Linear                        │  1.0 M │ train │     0 │
│ 2 │ act       │ SiLU                          │      0 │ train │     0 │
│ 3 │ dropout   │ Dropout                       │      0 │ train │     0 │
│ 4 │ fc2       │ Linear                        │  1.0 K │ train │     0 │
│ 5 │ criterion │ BCEWithLogitsLoss             │      0 │ train │     0 │
└───┴───────────┴───────────────────────────────┴────────┴───────┴───────┘
Trainable params: 2.1 M                                                         
Non-trainable params: 168 M                                                     
Total params: 170 M                                                             
Total estimated model params size (MB): 683.403                                 
Modules in train mode: 167                                                      
Modules in eval mode: 199                                                       
Total FLOPs: 0                                                                  
/usr/local/lib/python3.12/dist-packages/lightning/pytorch/utilities/_pytree.py:21: `isinstance(treespec, LeafSpec)` is deprecated, use `isinstance(treespec, TreeSpec) and treespec.is_leaf()` instead.
/usr/local/lib/python3.12/dist-packages/lightning/pytorch/trainer/connectors/data_connector.py:434: The 'val_dataloader' does not have many workers which may be a bottleneck. Consider increasing the value of the `num_workers` argument` to `num_workers=3` in the `DataLoader` to improve performance.
/usr/local/lib/python3.12/dist-packages/lightning/pytorch/trainer/connectors/data_connector.py:434: The 'train_dataloader' does not have many workers which may be a bottleneck. Consider increasing the value of the `num_workers` argument` to `num_workers=3` in the `DataLoader` to improve performance.
/usr/local/lib/python3.12/dist-packages/lightning/pytorch/loops/fit_loop.py:538: Found 199 module(s) in eval mode at the start of training. This may lead to unexpected behavior during training. If this is intentional, you can ignore this warning.
Epoch 0/9                    0/290 0:00:01 • -:--:-- 0.00it/s v_num: 0.000      
                                                              val_loss: 0.702   
Traceback (most recent call last):
  File "/kaggle/working/project/their_repo/training/02_classification_benchmarks_training_code/scripts/classification_finetuning_v2.py", line 363, in <module>
    model = train_model(train_df["smiles"], train_df["label"],
            ^^^^^^^^^^^^^^^^^^^^^^^^^^^^^^^^^^^^^^^^^^^^^^^^^^
  File "/kaggle/working/project/their_repo/training/02_classification_benchmarks_training_code/scripts/classification_finetuning_v2.py", line 264, in train_model
    trainer.fit(model, train_loader, val_loader)
  File "/usr/local/lib/python3.12/dist-packages/lightning/pytorch/trainer/trainer.py", line 584, in fit
    call._call_and_handle_interrupt(
  File "/usr/local/lib/python3.12/dist-packages/lightning/pytorch/trainer/call.py", line 49, in _call_and_handle_interrupt
    return trainer_fn(*args, **kwargs)
           ^^^^^^^^^^^^^^^^^^^^^^^^^^^
  File "/usr/local/lib/python3.12/dist-packages/lightning/pytorch/trainer/trainer.py", line 630, in _fit_impl
    self._run(model, ckpt_path=ckpt_path, weights_only=weights_only)
  File "/usr/local/lib/python3.12/dist-packages/lightning/pytorch/trainer/trainer.py", line 1079, in _run
    results = self._run_stage()
              ^^^^^^^^^^^^^^^^^
  File "/usr/local/lib/python3.12/dist-packages/lightning/pytorch/trainer/trainer.py", line 1123, in _run_stage
    self.fit_loop.run()
  File "/usr/local/lib/python3.12/dist-packages/lightning/pytorch/loops/fit_loop.py", line 217, in run
    self.advance()
  File "/usr/local/lib/python3.12/dist-packages/lightning/pytorch/loops/fit_loop.py", line 469, in advance
    self.epoch_loop.run(self._data_fetcher)
  File "/usr/local/lib/python3.12/dist-packages/lightning/pytorch/loops/training_epoch_loop.py", line 153, in run
    self.advance(data_fetcher)
  File "/usr/local/lib/python3.12/dist-packages/lightning/pytorch/loops/training_epoch_loop.py", line 352, in advance
    batch_output = self.automatic_optimization.run(trainer.optimizers[0], batch_idx, kwargs)
                   ^^^^^^^^^^^^^^^^^^^^^^^^^^^^^^^^^^^^^^^^^^^^^^^^^^^^^^^^^^^^^^^^^^^^^^^^^
  File "/usr/local/lib/python3.12/dist-packages/lightning/pytorch/loops/optimization/automatic.py", line 192, in run
    self._optimizer_step(batch_idx, closure)
  File "/usr/local/lib/python3.12/dist-packages/lightning/pytorch/loops/optimization/automatic.py", line 270, in _optimizer_step
    call._call_lightning_module_hook(
  File "/usr/local/lib/python3.12/dist-packages/lightning/pytorch/trainer/call.py", line 177, in _call_lightning_module_hook
    output = fn(*args, **kwargs)
             ^^^^^^^^^^^^^^^^^^^
  File "/usr/local/lib/python3.12/dist-packages/lightning/pytorch/core/module.py", line 1368, in optimizer_step
    optimizer.step(closure=optimizer_closure)
  File "/usr/local/lib/python3.12/dist-packages/lightning/pytorch/core/optimizer.py", line 154, in step
    step_output = self._strategy.optimizer_step(self._optimizer, closure, **kwargs)
                  ^^^^^^^^^^^^^^^^^^^^^^^^^^^^^^^^^^^^^^^^^^^^^^^^^^^^^^^^^^^^^^^^^
  File "/usr/local/lib/python3.12/dist-packages/lightning/pytorch/strategies/strategy.py", line 239, in optimizer_step
    return self.precision_plugin.optimizer_step(optimizer, model=model, closure=closure, **kwargs)
           ^^^^^^^^^^^^^^^^^^^^^^^^^^^^^^^^^^^^^^^^^^^^^^^^^^^^^^^^^^^^^^^^^^^^^^^^^^^^^^^^^^^^^^^
  File "/usr/local/lib/python3.12/dist-packages/lightning/pytorch/plugins/precision/precision.py", line 123, in optimizer_step
    return optimizer.step(closure=closure, **kwargs)
           ^^^^^^^^^^^^^^^^^^^^^^^^^^^^^^^^^^^^^^^^^
  File "/usr/local/lib/python3.12/dist-packages/torch/optim/lr_scheduler.py", line 166, in wrapper
    return func.__get__(opt, opt.__class__)(*args, **kwargs)
           ^^^^^^^^^^^^^^^^^^^^^^^^^^^^^^^^^^^^^^^^^^^^^^^^^
  File "/usr/local/lib/python3.12/dist-packages/torch/optim/optimizer.py", line 526, in wrapper
    out = func(*args, **kwargs)
          ^^^^^^^^^^^^^^^^^^^^^
  File "/usr/local/lib/python3.12/dist-packages/torch/optim/optimizer.py", line 81, in _use_grad
    ret = func(*args, **kwargs)
          ^^^^^^^^^^^^^^^^^^^^^
  File "/usr/local/lib/python3.12/dist-packages/torch/optim/adam.py", line 227, in step
    loss = closure()
           ^^^^^^^^^
  File "/usr/local/lib/python3.12/dist-packages/lightning/pytorch/plugins/precision/precision.py", line 109, in _wrap_closure
    closure_result = closure()
                     ^^^^^^^^^
  File "/usr/local/lib/python3.12/dist-packages/lightning/pytorch/loops/optimization/automatic.py", line 146, in __call__
    self._result = self.closure(*args, **kwargs)
                   ^^^^^^^^^^^^^^^^^^^^^^^^^^^^^
  File "/usr/local/lib/python3.12/dist-packages/torch/utils/_contextlib.py", line 124, in decorate_context
    return func(*args, **kwargs)
           ^^^^^^^^^^^^^^^^^^^^^
  File "/usr/local/lib/python3.12/dist-packages/lightning/pytorch/loops/optimization/automatic.py", line 131, in closure
    step_output = self._step_fn()
                  ^^^^^^^^^^^^^^^
  File "/usr/local/lib/python3.12/dist-packages/lightning/pytorch/loops/optimization/automatic.py", line 319, in _training_step
    training_step_output = call._call_strategy_hook(trainer, "training_step", *kwargs.values())
                           ^^^^^^^^^^^^^^^^^^^^^^^^^^^^^^^^^^^^^^^^^^^^^^^^^^^^^^^^^^^^^^^^^^^^
  File "/usr/local/lib/python3.12/dist-packages/lightning/pytorch/trainer/call.py", line 329, in _call_strategy_hook
    output = fn(*args, **kwargs)
             ^^^^^^^^^^^^^^^^^^^
  File "/usr/local/lib/python3.12/dist-packages/lightning/pytorch/strategies/strategy.py", line 391, in training_step
    return self.lightning_module.training_step(*args, **kwargs)
           ^^^^^^^^^^^^^^^^^^^^^^^^^^^^^^^^^^^^^^^^^^^^^^^^^^^^
  File "/kaggle/working/project/their_repo/training/02_classification_benchmarks_training_code/scripts/classification_finetuning_v2.py", line 166, in training_step
    logits = self(batch["input_ids"], batch["attention_mask"])
             ^^^^^^^^^^^^^^^^^^^^^^^^^^^^^^^^^^^^^^^^^^^^^^^^^
  File "/usr/local/lib/python3.12/dist-packages/torch/nn/modules/module.py", line 1776, in _wrapped_call_impl
    return self._call_impl(*args, **kwargs)
           ^^^^^^^^^^^^^^^^^^^^^^^^^^^^^^^^
  File "/usr/local/lib/python3.12/dist-packages/torch/nn/modules/module.py", line 1787, in _call_impl
    return forward_call(*args, **kwargs)
           ^^^^^^^^^^^^^^^^^^^^^^^^^^^^^
  File "/kaggle/working/project/their_repo/training/02_classification_benchmarks_training_code/scripts/classification_finetuning_v2.py", line 153, in forward
    out = self.model(
          ^^^^^^^^^^^
  File "/usr/local/lib/python3.12/dist-packages/torch/nn/modules/module.py", line 1776, in _wrapped_call_impl
    return self._call_impl(*args, **kwargs)
           ^^^^^^^^^^^^^^^^^^^^^^^^^^^^^^^^
  File "/usr/local/lib/python3.12/dist-packages/torch/nn/modules/module.py", line 1787, in _call_impl
    return forward_call(*args, **kwargs)
           ^^^^^^^^^^^^^^^^^^^^^^^^^^^^^
  File "/usr/local/lib/python3.12/dist-packages/peft/peft_model.py", line 3198, in forward
    return self.base_model(
           ^^^^^^^^^^^^^^^^
  File "/usr/local/lib/python3.12/dist-packages/torch/nn/modules/module.py", line 1776, in _wrapped_call_impl
    return self._call_impl(*args, **kwargs)
           ^^^^^^^^^^^^^^^^^^^^^^^^^^^^^^^^
  File "/usr/local/lib/python3.12/dist-packages/torch/nn/modules/module.py", line 1787, in _call_impl
    return forward_call(*args, **kwargs)
           ^^^^^^^^^^^^^^^^^^^^^^^^^^^^^
  File "/usr/local/lib/python3.12/dist-packages/peft/tuners/tuners_utils.py", line 359, in forward
    return self.model(*args, **kwargs)
           ^^^^^^^^^^^^^^^^^^^^^^^^^^^
  File "/usr/local/lib/python3.12/dist-packages/torch/nn/modules/module.py", line 1776, in _wrapped_call_impl
    return self._call_impl(*args, **kwargs)
           ^^^^^^^^^^^^^^^^^^^^^^^^^^^^^^^^
  File "/usr/local/lib/python3.12/dist-packages/torch/nn/modules/module.py", line 1787, in _call_impl
    return forward_call(*args, **kwargs)
           ^^^^^^^^^^^^^^^^^^^^^^^^^^^^^
  File "/root/.cache/huggingface/modules/transformers_modules/peptideclm_hyphen_2_hyphen_mlm_hyphen_trunc16/6ada0e868b74d7ce/ChemPepMTR.py", line 305, in forward
    return self.model(kwargs.get("input_ids"), mask=kwargs.get("attention_mask"))
           ^^^^^^^^^^^^^^^^^^^^^^^^^^^^^^^^^^^^^^^^^^^^^^^^^^^^^^^^^^^^^^^^^^^^^^
  File "/usr/local/lib/python3.12/dist-packages/torch/nn/modules/module.py", line 1776, in _wrapped_call_impl
    return self._call_impl(*args, **kwargs)
           ^^^^^^^^^^^^^^^^^^^^^^^^^^^^^^^^
  File "/usr/local/lib/python3.12/dist-packages/torch/nn/modules/module.py", line 1787, in _call_impl
    return forward_call(*args, **kwargs)
           ^^^^^^^^^^^^^^^^^^^^^^^^^^^^^
  File "/root/.cache/huggingface/modules/transformers_modules/peptideclm_hyphen_2_hyphen_mlm_hyphen_trunc16/6ada0e868b74d7ce/ChemPepMTR.py", line 263, in forward
    x = self.transformer(x, mask=mask, input_pos=input_pos)
        ^^^^^^^^^^^^^^^^^^^^^^^^^^^^^^^^^^^^^^^^^^^^^^^^^^^
  File "/usr/local/lib/python3.12/dist-packages/torch/nn/modules/module.py", line 1776, in _wrapped_call_impl
    return self._call_impl(*args, **kwargs)
           ^^^^^^^^^^^^^^^^^^^^^^^^^^^^^^^^
  File "/usr/local/lib/python3.12/dist-packages/torch/nn/modules/module.py", line 1787, in _call_impl
    return forward_call(*args, **kwargs)
           ^^^^^^^^^^^^^^^^^^^^^^^^^^^^^
  File "/root/.cache/huggingface/modules/transformers_modules/peptideclm_hyphen_2_hyphen_mlm_hyphen_trunc16/6ada0e868b74d7ce/ChemPepMTR.py", line 239, in forward
    x = block(x, input_pos=input_pos, mask=mask)
        ^^^^^^^^^^^^^^^^^^^^^^^^^^^^^^^^^^^^^^^^
  File "/usr/local/lib/python3.12/dist-packages/torch/nn/modules/module.py", line 1776, in _wrapped_call_impl
    return self._call_impl(*args, **kwargs)
           ^^^^^^^^^^^^^^^^^^^^^^^^^^^^^^^^
  File "/usr/local/lib/python3.12/dist-packages/torch/nn/modules/module.py", line 1787, in _call_impl
    return forward_call(*args, **kwargs)
           ^^^^^^^^^^^^^^^^^^^^^^^^^^^^^
  File "/root/.cache/huggingface/modules/transformers_modules/peptideclm_hyphen_2_hyphen_mlm_hyphen_trunc16/6ada0e868b74d7ce/ChemPepMTR.py", line 224, in forward
    x = x + self.attn(self.attn_norm(x), input_pos=input_pos, mask=mask)
            ^^^^^^^^^^^^^^^^^^^^^^^^^^^^^^^^^^^^^^^^^^^^^^^^^^^^^^^^^^^^
  File "/usr/local/lib/python3.12/dist-packages/torch/nn/modules/module.py", line 1776, in _wrapped_call_impl
    return self._call_impl(*args, **kwargs)
           ^^^^^^^^^^^^^^^^^^^^^^^^^^^^^^^^
  File "/usr/local/lib/python3.12/dist-packages/torch/nn/modules/module.py", line 1787, in _call_impl
    return forward_call(*args, **kwargs)
           ^^^^^^^^^^^^^^^^^^^^^^^^^^^^^
  File "/root/.cache/huggingface/modules/transformers_modules/peptideclm_hyphen_2_hyphen_mlm_hyphen_trunc16/6ada0e868b74d7ce/ChemPepMTR.py", line 189, in forward
    q, k, v = self.qkv_proj(x).view(B, T, 3, self.num_heads, self.head_dim).unbind(2)  # (B, T, num_heads, head_dim)
              ^^^^^^^^^^^^^^^^
  File "/usr/local/lib/python3.12/dist-packages/torch/nn/modules/module.py", line 1776, in _wrapped_call_impl
    return self._call_impl(*args, **kwargs)
           ^^^^^^^^^^^^^^^^^^^^^^^^^^^^^^^^
  File "/usr/local/lib/python3.12/dist-packages/torch/nn/modules/module.py", line 1787, in _call_impl
    return forward_call(*args, **kwargs)
           ^^^^^^^^^^^^^^^^^^^^^^^^^^^^^
  File "/usr/local/lib/python3.12/dist-packages/peft/tuners/lora/layer.py", line 1102, in forward
    result = result + lora_B(lora_A(dropout(x))) * scaling
                      ^^^^^^^^^^^^^^^^^^^^^^^^^^
  File "/usr/local/lib/python3.12/dist-packages/torch/nn/modules/module.py", line 1776, in _wrapped_call_impl
    return self._call_impl(*args, **kwargs)
           ^^^^^^^^^^^^^^^^^^^^^^^^^^^^^^^^
  File "/usr/local/lib/python3.12/dist-packages/torch/nn/modules/module.py", line 1787, in _call_impl
    return forward_call(*args, **kwargs)
           ^^^^^^^^^^^^^^^^^^^^^^^^^^^^^
  File "/usr/local/lib/python3.12/dist-packages/torch/nn/modules/linear.py", line 134, in forward
    return F.linear(input, self.weight, self.bias)
           ^^^^^^^^^^^^^^^^^^^^^^^^^^^^^^^^^^^^^^^
torch.OutOfMemoryError: CUDA out of memory. Tried to allocate 226.00 MiB. GPU 0 has a total capacity of 14.56 GiB of which 92.81 MiB is free. Including non-PyTorch memory, this process has 14.47 GiB memory in use. Of the allocated memory 13.96 GiB is allocated by PyTorch, and 394.39 MiB is reserved by PyTorch but unallocated. If reserved but unallocated memory is large try setting PYTORCH_ALLOC_CONF=expandable_segments:True to avoid fragmentation.  See documentation for Memory Management  (https://pytorch.org/docs/stable/notes/cuda.html#environment-variables)
