Seed set to 303
Loading weights:   0%|          | 0/85 [00:00<?, ?it/s]Loading weights: 100%|██████████| 85/85 [00:00<00:00, 2623.87it/s]
GPU available: True (cuda), used: True
TPU available: False, using: 0 TPU cores
💡 Tip: For seamless cloud logging and experiment tracking, try installing [litlogger](https://pypi.org/project/litlogger/) to enable LitLogger, which logs metrics and artifacts automatically to the Lightning Experiments platform.
LOCAL_RANK: 0 - CUDA_VISIBLE_DEVICES: [1]
trainable params: 524,288 || all params: 85,315,989 || trainable%: 0.6145
┏━━━┳━━━━━━━━━━━┳━━━━━━━━━━━━━━━━━━━━━━━━━━━━━━━┳━━━━━━━━┳━━━━━━━┳━━━━━━━┓
┃   ┃ Name      ┃ Type                          ┃ Params ┃ Mode  ┃ FLOPs ┃
┡━━━╇━━━━━━━━━━━╇━━━━━━━━━━━━━━━━━━━━━━━━━━━━━━━╇━━━━━━━━╇━━━━━━━╇━━━━━━━┩
│ 0 │ model     │ PeftModelForFeatureExtraction │ 85.3 M │ train │     0 │
│ 1 │ fc1       │ Linear                        │  1.0 M │ train │     0 │
│ 2 │ act       │ SiLU                          │      0 │ train │     0 │
│ 3 │ dropout   │ Dropout                       │      0 │ train │     0 │
│ 4 │ fc2       │ Linear                        │  1.0 K │ train │     0 │
│ 5 │ criterion │ BCEWithLogitsLoss             │      0 │ train │     0 │
└───┴───────────┴───────────────────────────────┴────────┴───────┴───────┘
Trainable params: 1.6 M                                                         
Non-trainable params: 84.8 M                                                    
Total params: 86.4 M                                                            
Total estimated model params size (MB): 345.466                                 
Modules in train mode: 87                                                       
Modules in eval mode: 103                                                       
Total FLOPs: 0                                                                  
/usr/local/lib/python3.12/dist-packages/lightning/pytorch/utilities/_pytree.py:21: `isinstance(treespec, LeafSpec)` is deprecated, use `isinstance(treespec, TreeSpec) and treespec.is_leaf()` instead.
/usr/local/lib/python3.12/dist-packages/lightning/pytorch/trainer/connectors/data_connector.py:434: The 'val_dataloader' does not have many workers which may be a bottleneck. Consider increasing the value of the `num_workers` argument` to `num_workers=3` in the `DataLoader` to improve performance.
/usr/local/lib/python3.12/dist-packages/lightning/pytorch/trainer/connectors/data_connector.py:434: The 'train_dataloader' does not have many workers which may be a bottleneck. Consider increasing the value of the `num_workers` argument` to `num_workers=3` in the `DataLoader` to improve performance.
/usr/local/lib/python3.12/dist-packages/lightning/pytorch/loops/fit_loop.py:538: Found 103 module(s) in eval mode at the start of training. This may lead to unexpected behavior during training. If this is intentional, you can ignore this warning.
`Trainer.fit` stopped: `max_epochs=10` reached.
Epoch 9/9  ━━━━━━━━━━━━━━━━━ 30/30 0:00:33 • 0:00:00 0.86it/s v_num: 0.000      
                                                              train_loss: 0.006 
                                                              val_loss: 0.195   
Loading weights:   0%|          | 0/85 [00:00<?, ?it/s]Loading weights: 100%|██████████| 85/85 [00:00<00:00, 2984.07it/s]
trainable params: 524,288 || all params: 85,315,989 || trainable%: 0.6145
Loading weights:   0%|          | 0/85 [00:00<?, ?it/s]Loading weights: 100%|██████████| 85/85 [00:00<00:00, 2758.81it/s]
GPU available: True (cuda), used: True
TPU available: False, using: 0 TPU cores
💡 Tip: For seamless cloud logging and experiment tracking, try installing [litlogger](https://pypi.org/project/litlogger/) to enable LitLogger, which logs metrics and artifacts automatically to the Lightning Experiments platform.
LOCAL_RANK: 0 - CUDA_VISIBLE_DEVICES: [1]
trainable params: 524,288 || all params: 85,315,989 || trainable%: 0.6145
┏━━━┳━━━━━━━━━━━┳━━━━━━━━━━━━━━━━━━━━━━━━━━━━━━━┳━━━━━━━━┳━━━━━━━┳━━━━━━━┓
┃   ┃ Name      ┃ Type                          ┃ Params ┃ Mode  ┃ FLOPs ┃
┡━━━╇━━━━━━━━━━━╇━━━━━━━━━━━━━━━━━━━━━━━━━━━━━━━╇━━━━━━━━╇━━━━━━━╇━━━━━━━┩
│ 0 │ model     │ PeftModelForFeatureExtraction │ 85.3 M │ train │     0 │
│ 1 │ fc1       │ Linear                        │  1.0 M │ train │     0 │
│ 2 │ act       │ SiLU                          │      0 │ train │     0 │
│ 3 │ dropout   │ Dropout                       │      0 │ train │     0 │
│ 4 │ fc2       │ Linear                        │  1.0 K │ train │     0 │
│ 5 │ criterion │ BCEWithLogitsLoss             │      0 │ train │     0 │
└───┴───────────┴───────────────────────────────┴────────┴───────┴───────┘
Trainable params: 1.6 M                                                         
Non-trainable params: 84.8 M                                                    
Total params: 86.4 M                                                            
Total estimated model params size (MB): 345.466                                 
Modules in train mode: 87                                                       
Modules in eval mode: 103                                                       
Total FLOPs: 0                                                                  
`Trainer.fit` stopped: `max_epochs=10` reached.
Epoch 9/9  ━━━━━━━━━━━━━━━━━ 30/30 0:00:33 • 0:00:00 0.87it/s v_num: 1.000      
                                                              train_loss: 0.021 
                                                              val_loss: 0.295   
Loading weights:   0%|          | 0/85 [00:00<?, ?it/s]Loading weights: 100%|██████████| 85/85 [00:00<00:00, 4593.45it/s]
trainable params: 524,288 || all params: 85,315,989 || trainable%: 0.6145
Loading weights:   0%|          | 0/85 [00:00<?, ?it/s]Loading weights: 100%|██████████| 85/85 [00:00<00:00, 3155.82it/s]
GPU available: True (cuda), used: True
TPU available: False, using: 0 TPU cores
💡 Tip: For seamless cloud logging and experiment tracking, try installing [litlogger](https://pypi.org/project/litlogger/) to enable LitLogger, which logs metrics and artifacts automatically to the Lightning Experiments platform.
LOCAL_RANK: 0 - CUDA_VISIBLE_DEVICES: [1]
trainable params: 524,288 || all params: 85,315,989 || trainable%: 0.6145
┏━━━┳━━━━━━━━━━━┳━━━━━━━━━━━━━━━━━━━━━━━━━━━━━━━┳━━━━━━━━┳━━━━━━━┳━━━━━━━┓
┃   ┃ Name      ┃ Type                          ┃ Params ┃ Mode  ┃ FLOPs ┃
┡━━━╇━━━━━━━━━━━╇━━━━━━━━━━━━━━━━━━━━━━━━━━━━━━━╇━━━━━━━━╇━━━━━━━╇━━━━━━━┩
│ 0 │ model     │ PeftModelForFeatureExtraction │ 85.3 M │ train │     0 │
│ 1 │ fc1       │ Linear                        │  1.0 M │ train │     0 │
│ 2 │ act       │ SiLU                          │      0 │ train │     0 │
│ 3 │ dropout   │ Dropout                       │      0 │ train │     0 │
│ 4 │ fc2       │ Linear                        │  1.0 K │ train │     0 │
│ 5 │ criterion │ BCEWithLogitsLoss             │      0 │ train │     0 │
└───┴───────────┴───────────────────────────────┴────────┴───────┴───────┘
Trainable params: 1.6 M                                                         
Non-trainable params: 84.8 M                                                    
Total params: 86.4 M                                                            
Total estimated model params size (MB): 345.466                                 
Modules in train mode: 87                                                       
Modules in eval mode: 103                                                       
Total FLOPs: 0                                                                  
`Trainer.fit` stopped: `max_epochs=10` reached.
Epoch 9/9  ━━━━━━━━━━━━━━━━━ 30/30 0:00:33 • 0:00:00 0.88it/s v_num: 2.000      
                                                              train_loss: 1.465 
                                                              val_loss: 0.292   
Loading weights:   0%|          | 0/85 [00:00<?, ?it/s]Loading weights: 100%|██████████| 85/85 [00:00<00:00, 4326.54it/s]
trainable params: 524,288 || all params: 85,315,989 || trainable%: 0.6145
Loading weights:   0%|          | 0/85 [00:00<?, ?it/s]Loading weights: 100%|██████████| 85/85 [00:00<00:00, 3189.01it/s]
GPU available: True (cuda), used: True
TPU available: False, using: 0 TPU cores
💡 Tip: For seamless cloud logging and experiment tracking, try installing [litlogger](https://pypi.org/project/litlogger/) to enable LitLogger, which logs metrics and artifacts automatically to the Lightning Experiments platform.
LOCAL_RANK: 0 - CUDA_VISIBLE_DEVICES: [1]
trainable params: 524,288 || all params: 85,315,989 || trainable%: 0.6145
┏━━━┳━━━━━━━━━━━┳━━━━━━━━━━━━━━━━━━━━━━━━━━━━━━━┳━━━━━━━━┳━━━━━━━┳━━━━━━━┓
┃   ┃ Name      ┃ Type                          ┃ Params ┃ Mode  ┃ FLOPs ┃
┡━━━╇━━━━━━━━━━━╇━━━━━━━━━━━━━━━━━━━━━━━━━━━━━━━╇━━━━━━━━╇━━━━━━━╇━━━━━━━┩
│ 0 │ model     │ PeftModelForFeatureExtraction │ 85.3 M │ train │     0 │
│ 1 │ fc1       │ Linear                        │  1.0 M │ train │     0 │
│ 2 │ act       │ SiLU                          │      0 │ train │     0 │
│ 3 │ dropout   │ Dropout                       │      0 │ train │     0 │
│ 4 │ fc2       │ Linear                        │  1.0 K │ train │     0 │
│ 5 │ criterion │ BCEWithLogitsLoss             │      0 │ train │     0 │
└───┴───────────┴───────────────────────────────┴────────┴───────┴───────┘
Trainable params: 1.6 M                                                         
Non-trainable params: 84.8 M                                                    
Total params: 86.4 M                                                            
Total estimated model params size (MB): 345.466                                 
Modules in train mode: 87                                                       
Modules in eval mode: 103                                                       
Total FLOPs: 0                                                                  
`Trainer.fit` stopped: `max_epochs=10` reached.
Epoch 9/9  ━━━━━━━━━━━━━━━━━ 30/30 0:00:34 • 0:00:00 0.85it/s v_num: 3.000      
                                                              train_loss: 0.327 
                                                              val_loss: 0.252   
Loading weights:   0%|          | 0/85 [00:00<?, ?it/s]Loading weights: 100%|██████████| 85/85 [00:00<00:00, 5426.17it/s]
trainable params: 524,288 || all params: 85,315,989 || trainable%: 0.6145
Loading weights:   0%|          | 0/85 [00:00<?, ?it/s]Loading weights: 100%|██████████| 85/85 [00:00<00:00, 3111.45it/s]
GPU available: True (cuda), used: True
TPU available: False, using: 0 TPU cores
💡 Tip: For seamless cloud logging and experiment tracking, try installing [litlogger](https://pypi.org/project/litlogger/) to enable LitLogger, which logs metrics and artifacts automatically to the Lightning Experiments platform.
LOCAL_RANK: 0 - CUDA_VISIBLE_DEVICES: [1]
trainable params: 524,288 || all params: 85,315,989 || trainable%: 0.6145
┏━━━┳━━━━━━━━━━━┳━━━━━━━━━━━━━━━━━━━━━━━━━━━━━━━┳━━━━━━━━┳━━━━━━━┳━━━━━━━┓
┃   ┃ Name      ┃ Type                          ┃ Params ┃ Mode  ┃ FLOPs ┃
┡━━━╇━━━━━━━━━━━╇━━━━━━━━━━━━━━━━━━━━━━━━━━━━━━━╇━━━━━━━━╇━━━━━━━╇━━━━━━━┩
│ 0 │ model     │ PeftModelForFeatureExtraction │ 85.3 M │ train │     0 │
│ 1 │ fc1       │ Linear                        │  1.0 M │ train │     0 │
│ 2 │ act       │ SiLU                          │      0 │ train │     0 │
│ 3 │ dropout   │ Dropout                       │      0 │ train │     0 │
│ 4 │ fc2       │ Linear                        │  1.0 K │ train │     0 │
│ 5 │ criterion │ BCEWithLogitsLoss             │      0 │ train │     0 │
└───┴───────────┴───────────────────────────────┴────────┴───────┴───────┘
Trainable params: 1.6 M                                                         
Non-trainable params: 84.8 M                                                    
Total params: 86.4 M                                                            
Total estimated model params size (MB): 345.466                                 
Modules in train mode: 87                                                       
Modules in eval mode: 103                                                       
Total FLOPs: 0                                                                  
`Trainer.fit` stopped: `max_epochs=10` reached.
Epoch 9/9  ━━━━━━━━━━━━━━━━━ 30/30 0:00:32 • 0:00:00 0.89it/s v_num: 4.000      
                                                              train_loss: 0.463 
                                                              val_loss: 0.280   
Loading weights:   0%|          | 0/85 [00:00<?, ?it/s]Loading weights: 100%|██████████| 85/85 [00:00<00:00, 3197.85it/s]
trainable params: 524,288 || all params: 85,315,989 || trainable%: 0.6145
